Enter a Name: Enter a Color: Enter a Noun (pl): 

Roses are Orange
Bananas are blue,
John loves you.
