Enter a Name: Enter a Color: Enter a Noun (pl): 

Roses are Black
Puppies are blue,
Ms Doubtfire loves you.
